// Jest Snapshot v1, https://goo.gl/fbAQLP

exports[`AddRecipeForm Component snapshot it should render the right amount of elements 1`] = `
<form
  className="form-signin"
  onSubmit={[Function]}
>
  <h2
    className="form-signin-heading"
  >
    Add Recipe
  </h2>
  <hr />
  <InputField
    id="recipeName"
    label="Name"
    name="recipeName"
    onChange={[Function]}
    placeholder="Name"
    required={true}
    type="text"
    value=""
  />
  <TextArea
    id="description"
    label="Description"
    name="description"
    onChange={[Function]}
    placeholder="Description"
    type="text"
    value=""
  />
  <TextArea
    id="ingredients"
    label="Ingredients"
    name="ingredients"
    onChange={[Function]}
    placeholder="Ingredients"
    type="text"
    value=""
  />
  <TextArea
    id="preparation"
    label="Preparation"
    name="preparation"
    onChange={[Function]}
    placeholder="Preparation"
    type="text"
    value=""
  />
  <InputLine
    id="image"
    label="Select Image"
    name="image"
    onChange={[Function]}
    placeholder="Upload Image"
    type="file"
    value=""
  />
  <Button
    className="btn btn-lg btn-primary btn-block submitBtn"
    iconClass="fa-cutlery"
    name="Add Recipe"
    onClick={[Function]}
    type="submit"
  />
</form>
`;
