// Jest Snapshot v1, https://goo.gl/fbAQLP

exports[`RecipeDetailsFooter Component snapshot it should render the right amount of elements 1`] = `
<div
  className="userButton row"
>
  <Button
    className="btn btn-lg btn-primary btn-block cta-btn"
    id="edit"
    name="Edit"
    onClick={[Function]}
    type="edit"
  />
  <Button
    className="btn btn-lg btn-primary btn-block cta-btn"
    id="delete"
    name="Delete"
    onClick={[Function]}
    type="delete"
  />
</div>
`;

exports[`RecipeDetailsFooter Component snapshot it should render the right amount of elements 2`] = `
<div
  className="userButton row"
>
  <Button
    className="btn btn-lg btn-primary btn-block cta-btn"
    id="edit"
    name="Edit"
    onClick={[Function]}
    type="edit"
  />
  <Button
    className="btn btn-lg btn-primary btn-block cta-btn"
    id="delete"
    name="Delete"
    onClick={[Function]}
    type="delete"
  />
</div>
`;
