// Jest Snapshot v1, https://goo.gl/fbAQLP

exports[`UpdateRecipePage Component snapshot it should render the right amount of elements 1`] = `
<div
  className="row deco"
>
  <div
    className="col-md-6 profile"
  >
    <div
      className="form-deco"
    >
      <Connect(UpdateRecipeForm)
        goToRecipes={[Function]}
        history={
          Object {
            "push": [Function],
          }
        }
      />
    </div>
  </div>
</div>
`;
